Traceback (most recent call last):
  File "rasterio/_base.pyx", line 311, in rasterio._base.DatasetBase.__init__
  File "rasterio/_base.pyx", line 222, in rasterio._base.open_dataset
  File "rasterio/_err.pyx", line 359, in rasterio._err.exc_wrap_pointer
rasterio._err.CPLE_OpenFailedError: data/evidence/runs/ens12-adopted-floor0.1-w0/submission.tif: No such file or directory

During handling of the above exception, another exception occurred:

Traceback (most recent call last):
  File "/home/runner/work/5GEMSDOE/5GEMSDOE/scripts/measure_cross_catalogue_transfer.py", line 593, in <module>
    raise SystemExit(main())
                     ^^^^^^
  File "/home/runner/work/5GEMSDOE/5GEMSDOE/scripts/measure_cross_catalogue_transfer.py", line 572, in main
    rep = build_report(Path(a.truth_b), Path(a.catalogue_a),
          ^^^^^^^^^^^^^^^^^^^^^^^^^^^^^^^^^^^^^^^^^^^^^^^^^^
  File "/home/runner/work/5GEMSDOE/5GEMSDOE/scripts/measure_cross_catalogue_transfer.py", line 219, in build_report
    pred_raw, grid_p = read_band(pred_path) if pred_path else (None, None)
                       ^^^^^^^^^^^^^^^^^^^^
  File "/home/runner/work/5GEMSDOE/5GEMSDOE/scripts/measure_cross_catalogue_transfer.py", line 100, in read_band
    with rasterio.open(path) as src:
         ^^^^^^^^^^^^^^^^^^^
  File "/opt/hostedtoolcache/Python/3.11.16/x64/lib/python3.11/site-packages/rasterio/env.py", line 463, in wrapper
    return f(*args, **kwds)
           ^^^^^^^^^^^^^^^^
  File "/opt/hostedtoolcache/Python/3.11.16/x64/lib/python3.11/site-packages/rasterio/__init__.py", line 356, in open
    dataset = DatasetReader(path, driver=driver, sharing=sharing, **kwargs)
              ^^^^^^^^^^^^^^^^^^^^^^^^^^^^^^^^^^^^^^^^^^^^^^^^^^^^^^^^^^^^^
  File "rasterio/_base.pyx", line 313, in rasterio._base.DatasetBase.__init__
rasterio.errors.RasterioIOError: data/evidence/runs/ens12-adopted-floor0.1-w0/submission.tif: No such file or directory
